kernel/drivers/hyp-hen.ko
kernel/drivers/under_score.ko
