kernel/drivers/foo.ko
kernel/drivers/subdir/bar.ko
