kernel/drivers/foo.ko
kernel/drivers/hyp-hen.ko
kernel/drivers/subdir/bar.ko
kernel/drivers/subdir/baz.ko
kernel/drivers/under_score.ko
